// Jest Snapshot v1, https://goo.gl/fbAQLP

exports[`Pruebas <GifGrid/> Debe de mostrar el componente correctamente 1`] = `
<div>
  <h3>
    One Punch
  </h3>
  <p>
    Loading...
  </p>
  <div
    class="card-grid"
  />
</div>
`;
